design 1 2 3 2
this 1 2 3 2
group 2 3
few 1 1 3 1
fellow 2 1
maintainable 1 1 3 1
professors 1 1 3 1
mistake 1 1 3 1
wordle 2 2
project 1 2 3 2 2 1
author 2 1
crh 2 1
deeply 1 1 3 1
paper 2 1
photo 2 2
google 2 1
very 1 1 3 1
overview 1 2 3 2
rss 2 2
months 2 1
early 2 1
short 2 1
not 2 1
usenix 2 1
can 2 1
won 1 1 3 1
for 2 2
kappa 2 1
acm 2 1
sense 1 1 3 1
science 1 1 3 1 2 2
should 1 2 3 2
piazza 1 1 3 1
video 2 1
reliable 1 1 3 1
old 2 1
hit 2 1
learn 1 4 3 4
wordpress 2 1
build 1 3 3 3
spent 2 1
smugmug 2 1
schedule 1 1 3 1
safari 2 1
affiliate 2 1
delights 1 1 3 1
application 1 1 3 1
resources 1 1 3 1
having 1 1 3 1
crash 1 1 3 1
course 1 3 3 3
containing 2 1
common 1 1 3 1
society 2 2
yes 1 1 3 1
duke 2 1
original 1 1 3 1
educators 1 1 3 1
how 1 1 3 1 2 1
hanover 2 1
professional 2 1
invention 2 1
other 1 3 3 3
university 2 2
read 2 1
all 2 1
was 2 1
your 1 1 3 1
balkcom 1 1 3 1
seatpack 2 1
join 1 1 3 1 2 2
click 2 1
hall 2 1
technology 2 1
computers 1 1 3 1
chair 2 1
pronounce 2 2
thanks 2 1
scholar 2 2
papers 2 1
usa 2 1
without 1 1 3 1
engine 1 1 3 1
process 1 1 3 1
since 2 1
labs 1 1 3 1
words 1 1 3 1
ieee 2 2
kids 2 1
will 1 2 3 2
zhou 1 1 3 1
cots 2 1
academy 2 1
person 1 1 3 1
actually 1 1 3 1
hacker 1 3 3 3
authorization 1 1 3 1
personal 2 1
investigator 2 2
understandable 1 1 3 1
defined 1 2 3 2
principal 2 2
are 1 1 3 1
team 1 1 3 1
finally 1 1 3 1
tanzania 2 1
policy 2 1
then 1 1 3 1
profile 2 1
courses 2 1
fulbright 2 1
students 1 1 3 1
nine 2 1
gitlab 1 1 3 1
want 1 1 3 1
blog 2 3
take 1 1 3 1
version 1 1 3 1
south 2 1
house 2 2
nbsp 2 1
site 2 1
those 1 1 3 1
and 1 6 3 6 2 10
you 1 7 3 7 2 1
progam 2 1
development 1 1 3 1
term 1 1 3 1
logistics 1 1 3 1
beach 2 1
activities 2 2
based 1 1 3 1
outstanding 1 1 3 1
cracking 1 1 3 1
department 2 2
pdp 2 1
health 2 1
systems 1 2 3 2
palmer 1 1 3 1
like 2 1
individual 1 1 3 1
source 1 1 3 1
phi 2 1
users 1 1 3 1
test 1 1 3 1
feed 2 2
liaison 2 1
programmer 2 1
campbell 1 1 3 1
the 1 10 3 10 2 6
system 1 1 3 1
trustee 2 1
amp 1 2 3 2
professor 2 2
privacy 1 1 3 1
member 2 5
orcid 2 1
tools 1 1 3 1
senior 2 1
understanding 1 1 3 1
trustworthy 2 1
spring 1 2 3 2
internet 1 1 3 1
also 2 1
our 2 1
examples 1 1 3 1
program 1 1 3 1
that 1 2 3 2
year 2 1
who 1 2 3 2
dartmouth 1 1 3 1 2 4
which 1 1 3 1
canvas 1 1 3 1
interests 2 1
attempts 1 1 3 1
college 1 1 3 1 2 3
rfc 1 1 3 1
bio 2 1
education 2 1
coats 2 1
choate 2 1
information 2 1
use 1 1 3 1
first 1 1 3 1
indebted 1 1 3 1
particular 1 1 3 1
photography 2 1
projects 2 1
search 1 1 3 1 2 1
three 2 1
rosemary 2 1
pages 2 1
vcard 2 1
access 1 1 3 1
gnuplot 2 1
international 2 1
lectures 1 1 3 1
these 1 1 3 1
internal 1 1 3 1
wellness 2 1
reading 1 1 3 1
postdoc 2 1
upon 1 1 3 1
voice 2 1
rent 2 1
david 1 1 3 1 2 3
instead 1 1 3 1
learning 1 1 3 1
cracker 1 2 3 2
faculty 2 1
current 2 1
seeking 2 2
titles 2 1
amulet 2 1
after 1 1 3 1
designed 1 1 3 1
networks 1 1 3 1
research 2 1
own 1 1 3 1
pdf 2 1
intimate 1 1 3 1
lastname 2 1
weeks 1 1 3 1
computer 1 3 3 3 2 3
same 1 1 3 1
glossary 1 1 3 1
beta 2 1
vita 2 1
with 1 1 3 1 2 1
india 2 2
travel 2 4
crossroads 2 1
kotz 1 1 3 1 2 5
workings 1 1 3 1
large 1 2 3 2
word 1 1 3 1
above 2 1
document 1 1 3 1
web 2 1
contact 2 1
about 1 2 3 2 2 3
zoom 2 1
healthtech 2 1
champion 2 1
sudikoff 2 1
laboratory 2 1
campus 2 1
ists 2 1
software 1 2 3 2
edu 2 1
institute 2 1
carolina 2 1
unix 1 2 3 2
committee 2 1
thaw 2 1
security 1 1 3 1 2 1
