Could not find ./_notarealdir/.crawler. Invalid pageDirectory!
