about 1 2 2 3 3 2 
above 2 1 
academy 2 1 
access 1 1 3 1 
acm 2 1 
activities 2 2 
actually 1 1 3 1 
affiliate 2 1 
after 1 1 3 1 
all 2 1 
also 2 1 
amp 1 2 3 2 
amulet 2 1 
and 1 6 2 10 3 6 
application 1 1 3 1 
are 1 1 3 1 
attempts 1 1 3 1 
author 2 1 
authorization 1 1 3 1 
balkcom 1 1 3 1 
based 1 1 3 1 
beach 2 1 
beta 2 1 
bio 2 1 
blog 2 3 
build 1 3 3 3 
campbell 1 1 3 1 
campus 2 1 
can 2 1 
canvas 1 1 3 1 
carolina 2 1 
chair 2 1 
champion 2 1 
choate 2 1 
click 2 1 
coats 2 1 
college 1 1 2 3 3 1 
committee 2 1 
common 1 1 3 1 
computer 1 3 2 3 3 3 
computers 1 1 3 1 
contact 2 1 
containing 2 1 
cots 2 1 
course 1 3 3 3 
courses 2 1 
cracker 1 2 3 2 
cracking 1 1 3 1 
crash 1 1 3 1 
crh 2 1 
crossroads 2 1 
current 2 1 
dartmouth 1 1 2 4 3 1 
david 1 1 2 3 3 1 
deeply 1 1 3 1 
defined 1 2 3 2 
delights 1 1 3 1 
department 2 2 
design 1 2 3 2 
designed 1 1 3 1 
development 1 1 3 1 
document 1 1 3 1 
duke 2 1 
early 2 1 
edu 2 1 
education 2 1 
educators 1 1 3 1 
engine 1 1 3 1 
examples 1 1 3 1 
faculty 2 1 
feed 2 2 
fellow 2 1 
few 1 1 3 1 
finally 1 1 3 1 
first 1 1 3 1 
for 2 2 
fulbright 2 1 
gitlab 1 1 3 1 
glossary 1 1 3 1 
gnuplot 2 1 
google 2 1 
group 2 3 
hacker 1 3 3 3 
hall 2 1 
hanover 2 1 
having 1 1 3 1 
health 2 1 
healthtech 2 1 
hit 2 1 
house 2 2 
how 1 1 2 1 3 1 
ieee 2 2 
indebted 1 1 3 1 
india 2 2 
individual 1 1 3 1 
information 2 1 
instead 1 1 3 1 
institute 2 1 
interests 2 1 
internal 1 1 3 1 
international 2 1 
internet 1 1 3 1 
intimate 1 1 3 1 
invention 2 1 
investigator 2 2 
ists 2 1 
join 1 1 2 2 3 1 
kappa 2 1 
kids 2 1 
kotz 1 1 2 5 3 1 
laboratory 2 1 
labs 1 1 3 1 
large 1 2 3 2 
lastname 2 1 
learn 1 4 3 4 
learning 1 1 3 1 
lectures 1 1 3 1 
liaison 2 1 
like 2 1 
logistics 1 1 3 1 
maintainable 1 1 3 1 
member 2 5 
mistake 1 1 3 1 
months 2 1 
nbsp 2 1 
networks 1 1 3 1 
nine 2 1 
not 2 1 
old 2 1 
orcid 2 1 
original 1 1 3 1 
other 1 3 3 3 
our 2 1 
outstanding 1 1 3 1 
overview 1 2 3 2 
own 1 1 3 1 
pages 2 1 
palmer 1 1 3 1 
paper 2 1 
papers 2 1 
particular 1 1 3 1 
pdf 2 1 
pdp 2 1 
person 1 1 3 1 
personal 2 1 
phi 2 1 
photo 2 2 
photography 2 1 
piazza 1 1 3 1 
policy 2 1 
postdoc 2 1 
principal 2 2 
privacy 1 1 3 1 
process 1 1 3 1 
professional 2 1 
professor 2 2 
professors 1 1 3 1 
profile 2 1 
progam 2 1 
program 1 1 3 1 
programmer 2 1 
project 1 2 2 1 3 2 
projects 2 1 
pronounce 2 2 
read 2 1 
reading 1 1 3 1 
reliable 1 1 3 1 
rent 2 1 
research 2 1 
resources 1 1 3 1 
rfc 1 1 3 1 
rosemary 2 1 
rss 2 2 
safari 2 1 
same 1 1 3 1 
schedule 1 1 3 1 
scholar 2 2 
science 1 1 2 2 3 1 
search 1 1 2 1 3 1 
seatpack 2 1 
security 1 1 2 1 3 1 
seeking 2 2 
senior 2 1 
sense 1 1 3 1 
short 2 1 
should 1 2 3 2 
since 2 1 
site 2 1 
smugmug 2 1 
society 2 2 
software 1 2 3 2 
source 1 1 3 1 
south 2 1 
spent 2 1 
spring 1 2 3 2 
students 1 1 3 1 
sudikoff 2 1 
system 1 1 3 1 
systems 1 2 3 2 
take 1 1 3 1 
tanzania 2 1 
team 1 1 3 1 
technology 2 1 
term 1 1 3 1 
test 1 1 3 1 
thanks 2 1 
that 1 2 3 2 
thaw 2 1 
the 1 10 2 6 3 10 
then 1 1 3 1 
these 1 1 3 1 
this 1 2 3 2 
those 1 1 3 1 
three 2 1 
titles 2 1 
tools 1 1 3 1 
travel 2 4 
trustee 2 1 
trustworthy 2 1 
understandable 1 1 3 1 
understanding 1 1 3 1 
university 2 2 
unix 1 2 3 2 
upon 1 1 3 1 
usa 2 1 
use 1 1 3 1 
usenix 2 1 
users 1 1 3 1 
vcard 2 1 
version 1 1 3 1 
very 1 1 3 1 
video 2 1 
vita 2 1 
voice 2 1 
want 1 1 3 1 
was 2 1 
web 2 1 
weeks 1 1 3 1 
wellness 2 1 
which 1 1 3 1 
who 1 2 3 2 
will 1 2 3 2 
with 1 1 2 1 3 1 
without 1 1 3 1 
won 1 1 3 1 
word 1 1 3 1 
wordle 2 2 
wordpress 2 1 
words 1 1 3 1 
workings 1 1 3 1 
year 2 1 
yes 1 1 3 1 
you 1 7 2 1 3 7 
your 1 1 3 1 
zhou 1 1 3 1 
zoom 2 1 
