Inproper number of arguments. Please input: pageDirectory indexFilename
